<h3>Nothing to see here</h3>

<p>Just some normal HTML</p>